// Jest Snapshot v1, https://goo.gl/fbAQLP

exports[`EventHandler renders as expected 1`] = `""`;
