// Jest Snapshot v1, https://goo.gl/fbAQLP

exports[`ModalCloseBtn renders as expected 1`] = `
<styled.button>
  <Cross />
</styled.button>
`;
